Flow report for SecondScheme
Wed Oct 09 22:39:04 2024
Quartus II 64-Bit Version 13.1.0 Build 162 10/23/2013 SJ Web Edition


---------------------
; Table of Contents ;
---------------------
  1. Legal Notice
  2. Flow Summary
  3. Flow Settings
  4. Flow Non-Default Global Settings
  5. Flow Elapsed Time
  6. Flow OS Summary
  7. Flow Log
  8. Flow Messages
  9. Flow Suppressed Messages



----------------
; Legal Notice ;
----------------
Copyright (C) 1991-2013 Altera Corporation
Your use of Altera Corporation's design tools, logic functions 
and other software and tools, and its AMPP partner logic 
functions, and any output files from any of the foregoing 
(including device programming or simulation files), and any 
associated documentation or information are expressly subject 
to the terms and conditions of the Altera Program License 
Subscription Agreement, Altera MegaCore Function License 
Agreement, or other applicable license agreement, including, 
without limitation, that your use is for the sole purpose of 
programming logic devices manufactured by Altera and sold by 
Altera or its authorized distributors.  Please refer to the 
applicable agreement for further details.



+---------------------------------------------------------------------------------+
; Flow Summary                                                                    ;
+------------------------------------+--------------------------------------------+
; Flow Status                        ; Successful - Wed Oct 09 22:39:04 2024      ;
; Quartus II 64-Bit Version          ; 13.1.0 Build 162 10/23/2013 SJ Web Edition ;
; Revision Name                      ; SecondScheme                               ;
; Top-level Entity Name              ; blok_oper                                  ;
; Family                             ; Cyclone IV GX                              ;
; Total logic elements               ; 39 / 14,400 ( < 1 % )                      ;
;     Total combinational functions  ; 39 / 14,400 ( < 1 % )                      ;
;     Dedicated logic registers      ; 18 / 14,400 ( < 1 % )                      ;
; Total registers                    ; 18                                         ;
; Total pins                         ; 32 / 81 ( 40 % )                           ;
; Total virtual pins                 ; 0                                          ;
; Total memory bits                  ; 0 / 552,960 ( 0 % )                        ;
; Embedded Multiplier 9-bit elements ; 0                                          ;
; Total GXB Receiver Channel PCS     ; 0 / 2 ( 0 % )                              ;
; Total GXB Receiver Channel PMA     ; 0 / 2 ( 0 % )                              ;
; Total GXB Transmitter Channel PCS  ; 0 / 2 ( 0 % )                              ;
; Total GXB Transmitter Channel PMA  ; 0 / 2 ( 0 % )                              ;
; Total PLLs                         ; 0 / 3 ( 0 % )                              ;
; Device                             ; EP4CGX15BF14C6                             ;
; Timing Models                      ; Final                                      ;
+------------------------------------+--------------------------------------------+


+-----------------------------------------+
; Flow Settings                           ;
+-------------------+---------------------+
; Option            ; Setting             ;
+-------------------+---------------------+
; Start date & time ; 10/09/2024 22:38:43 ;
; Main task         ; Compilation         ;
; Revision Name     ; SecondScheme        ;
+-------------------+---------------------+


+---------------------------------------------------------------------------------------------------------------------------------------------------------------------------+
; Flow Non-Default Global Settings                                                                                                                                          ;
+-------------------------------------+-------------------------------------------------------------------+---------------+-------------+-----------------------------------+
; Assignment Name                     ; Value                                                             ; Default Value ; Entity Name ; Section Id                        ;
+-------------------------------------+-------------------------------------------------------------------+---------------+-------------+-----------------------------------+
; COMPILER_SIGNATURE_ID               ; 9210264648849.172850272300368                                     ; --            ; --          ; --                                ;
; EDA_GENERATE_FUNCTIONAL_NETLIST     ; On                                                                ; --            ; --          ; eda_simulation                    ;
; EDA_GENERATE_FUNCTIONAL_NETLIST     ; Off                                                               ; --            ; --          ; eda_board_design_timing           ;
; EDA_GENERATE_FUNCTIONAL_NETLIST     ; Off                                                               ; --            ; --          ; eda_board_design_symbol           ;
; EDA_GENERATE_FUNCTIONAL_NETLIST     ; Off                                                               ; --            ; --          ; eda_board_design_signal_integrity ;
; EDA_GENERATE_FUNCTIONAL_NETLIST     ; Off                                                               ; --            ; --          ; eda_board_design_boundary_scan    ;
; EDA_NETLIST_WRITER_OUTPUT_DIR       ; D:/AlteraProjects/from_lipova/Projects_BO/Second/simulation/qsim/ ; --            ; --          ; eda_simulation                    ;
; EDA_OUTPUT_DATA_FORMAT              ; Verilog Hdl                                                       ; --            ; --          ; eda_simulation                    ;
; EDA_SIMULATION_TOOL                 ; ModelSim-Altera (Verilog)                                         ; <None>        ; --          ; --                                ;
; EDA_TIME_SCALE                      ; 1 ps                                                              ; --            ; --          ; eda_simulation                    ;
; PARTITION_COLOR                     ; 16764057                                                          ; --            ; blok_oper   ; Top                               ;
; PARTITION_FITTER_PRESERVATION_LEVEL ; PLACEMENT_AND_ROUTING                                             ; --            ; blok_oper   ; Top                               ;
; PARTITION_NETLIST_TYPE              ; SOURCE                                                            ; --            ; blok_oper   ; Top                               ;
; PROJECT_OUTPUT_DIRECTORY            ; output_files                                                      ; --            ; --          ; --                                ;
; TOP_LEVEL_ENTITY                    ; blok_oper                                                         ; SecondScheme  ; --          ; --                                ;
+-------------------------------------+-------------------------------------------------------------------+---------------+-------------+-----------------------------------+


+-------------------------------------------------------------------------------------------------------------------------------+
; Flow Elapsed Time                                                                                                             ;
+---------------------------+--------------+-------------------------+---------------------+------------------------------------+
; Module Name               ; Elapsed Time ; Average Processors Used ; Peak Virtual Memory ; Total CPU Time (on all processors) ;
+---------------------------+--------------+-------------------------+---------------------+------------------------------------+
; Analysis & Synthesis      ; 00:00:03     ; 1.0                     ; 4703 MB             ; 00:00:02                           ;
; Fitter                    ; 00:00:07     ; 1.0                     ; 5042 MB             ; 00:00:07                           ;
; Assembler                 ; 00:00:02     ; 1.0                     ; 4625 MB             ; 00:00:02                           ;
; TimeQuest Timing Analyzer ; 00:00:03     ; 1.0                     ; 4644 MB             ; 00:00:03                           ;
; EDA Netlist Writer        ; 00:00:01     ; 1.0                     ; 4581 MB             ; 00:00:01                           ;
; Total                     ; 00:00:16     ; --                      ; --                  ; 00:00:15                           ;
+---------------------------+--------------+-------------------------+---------------------+------------------------------------+


+----------------------------------------------------------------------------------------+
; Flow OS Summary                                                                        ;
+---------------------------+------------------+-----------+------------+----------------+
; Module Name               ; Machine Hostname ; OS Name   ; OS Version ; Processor type ;
+---------------------------+------------------+-----------+------------+----------------+
; Analysis & Synthesis      ; MargoBook        ; Windows 7 ; 6.2        ; x86_64         ;
; Fitter                    ; MargoBook        ; Windows 7 ; 6.2        ; x86_64         ;
; Assembler                 ; MargoBook        ; Windows 7 ; 6.2        ; x86_64         ;
; TimeQuest Timing Analyzer ; MargoBook        ; Windows 7 ; 6.2        ; x86_64         ;
; EDA Netlist Writer        ; MargoBook        ; Windows 7 ; 6.2        ; x86_64         ;
+---------------------------+------------------+-----------+------------+----------------+


------------
; Flow Log ;
------------
quartus_map --read_settings_files=on --write_settings_files=off SecondScheme -c SecondScheme
quartus_fit --read_settings_files=off --write_settings_files=off SecondScheme -c SecondScheme
quartus_asm --read_settings_files=off --write_settings_files=off SecondScheme -c SecondScheme
quartus_sta SecondScheme -c SecondScheme
quartus_eda --read_settings_files=off --write_settings_files=off SecondScheme -c SecondScheme



