Analysis & Synthesis report for First
Wed Sep 18 15:46:55 2024
Quartus II 64-Bit Version 13.1.0 Build 162 10/23/2013 SJ Web Edition


---------------------
; Table of Contents ;
---------------------
  1. Legal Notice
  2. Analysis & Synthesis Summary
  3. Analysis & Synthesis Settings
  4. Parallel Compilation
  5. Analysis & Synthesis Source Files Read
  6. Analysis & Synthesis Resource Usage Summary
  7. Analysis & Synthesis Resource Utilization by Entity
  8. Analysis & Synthesis IP Cores Summary
  9. Logic Cells Representing Combinational Loops
 10. General Register Statistics
 11. Parameter Settings for User Entity Instance: rb:inst1|lpm_shiftreg:LPM_SHIFTREG_component
 12. Parameter Settings for User Entity Instance: rr:inst6|lpm_shiftreg:lpm_shiftreg_component
 13. Parameter Settings for User Entity Instance: sum:inst5|lpm_add_sub:LPM_ADD_SUB_component
 14. Parameter Settings for User Entity Instance: ra:inst|lpm_ff:lpm_ff_component
 15. Parameter Settings for User Entity Instance: rpr:inst16|lpm_ff:lpm_ff_component
 16. lpm_shiftreg Parameter Settings by Entity Instance
 17. Elapsed Time Per Partition
 18. Analysis & Synthesis Messages



----------------
; Legal Notice ;
----------------
Copyright (C) 1991-2013 Altera Corporation
Your use of Altera Corporation's design tools, logic functions 
and other software and tools, and its AMPP partner logic 
functions, and any output files from any of the foregoing 
(including device programming or simulation files), and any 
associated documentation or information are expressly subject 
to the terms and conditions of the Altera Program License 
Subscription Agreement, Altera MegaCore Function License 
Agreement, or other applicable license agreement, including, 
without limitation, that your use is for the sole purpose of 
programming logic devices manufactured by Altera and sold by 
Altera or its authorized distributors.  Please refer to the 
applicable agreement for further details.



+---------------------------------------------------------------------------------+
; Analysis & Synthesis Summary                                                    ;
+------------------------------------+--------------------------------------------+
; Analysis & Synthesis Status        ; Successful - Wed Sep 18 15:46:55 2024      ;
; Quartus II 64-Bit Version          ; 13.1.0 Build 162 10/23/2013 SJ Web Edition ;
; Revision Name                      ; First                                      ;
; Top-level Entity Name              ; blok_oper_sch                              ;
; Family                             ; Cyclone IV GX                              ;
; Total logic elements               ; 43                                         ;
;     Total combinational functions  ; 39                                         ;
;     Dedicated logic registers      ; 18                                         ;
; Total registers                    ; 18                                         ;
; Total pins                         ; 32                                         ;
; Total virtual pins                 ; 0                                          ;
; Total memory bits                  ; 0                                          ;
; Embedded Multiplier 9-bit elements ; 0                                          ;
; Total GXB Receiver Channel PCS     ; 0                                          ;
; Total GXB Receiver Channel PMA     ; 0                                          ;
; Total GXB Transmitter Channel PCS  ; 0                                          ;
; Total GXB Transmitter Channel PMA  ; 0                                          ;
; Total PLLs                         ; 0                                          ;
+------------------------------------+--------------------------------------------+


+----------------------------------------------------------------------------------------------------------------------+
; Analysis & Synthesis Settings                                                                                        ;
+----------------------------------------------------------------------------+--------------------+--------------------+
; Option                                                                     ; Setting            ; Default Value      ;
+----------------------------------------------------------------------------+--------------------+--------------------+
; Top-level entity name                                                      ; blok_oper_sch      ; First              ;
; Family name                                                                ; Cyclone IV GX      ; Cyclone IV GX      ;
; Use smart compilation                                                      ; Off                ; Off                ;
; Enable parallel Assembler and TimeQuest Timing Analyzer during compilation ; On                 ; On                 ;
; Enable compact report table                                                ; Off                ; Off                ;
; Restructure Multiplexers                                                   ; Auto               ; Auto               ;
; Create Debugging Nodes for IP Cores                                        ; Off                ; Off                ;
; Preserve fewer node names                                                  ; On                 ; On                 ;
; Disable OpenCore Plus hardware evaluation                                  ; Off                ; Off                ;
; Verilog Version                                                            ; Verilog_2001       ; Verilog_2001       ;
; VHDL Version                                                               ; VHDL_1993          ; VHDL_1993          ;
; State Machine Processing                                                   ; Auto               ; Auto               ;
; Safe State Machine                                                         ; Off                ; Off                ;
; Extract Verilog State Machines                                             ; On                 ; On                 ;
; Extract VHDL State Machines                                                ; On                 ; On                 ;
; Ignore Verilog initial constructs                                          ; Off                ; Off                ;
; Iteration limit for constant Verilog loops                                 ; 5000               ; 5000               ;
; Iteration limit for non-constant Verilog loops                             ; 250                ; 250                ;
; Add Pass-Through Logic to Inferred RAMs                                    ; On                 ; On                 ;
; Infer RAMs from Raw Logic                                                  ; On                 ; On                 ;
; Parallel Synthesis                                                         ; On                 ; On                 ;
; DSP Block Balancing                                                        ; Auto               ; Auto               ;
; NOT Gate Push-Back                                                         ; On                 ; On                 ;
; Power-Up Don't Care                                                        ; On                 ; On                 ;
; Remove Redundant Logic Cells                                               ; Off                ; Off                ;
; Remove Duplicate Registers                                                 ; On                 ; On                 ;
; Ignore CARRY Buffers                                                       ; Off                ; Off                ;
; Ignore CASCADE Buffers                                                     ; Off                ; Off                ;
; Ignore GLOBAL Buffers                                                      ; Off                ; Off                ;
; Ignore ROW GLOBAL Buffers                                                  ; Off                ; Off                ;
; Ignore LCELL Buffers                                                       ; Off                ; Off                ;
; Ignore SOFT Buffers                                                        ; On                 ; On                 ;
; Limit AHDL Integers to 32 Bits                                             ; Off                ; Off                ;
; Optimization Technique                                                     ; Balanced           ; Balanced           ;
; Carry Chain Length                                                         ; 70                 ; 70                 ;
; Auto Carry Chains                                                          ; On                 ; On                 ;
; Auto Open-Drain Pins                                                       ; On                 ; On                 ;
; Perform WYSIWYG Primitive Resynthesis                                      ; Off                ; Off                ;
; Auto ROM Replacement                                                       ; On                 ; On                 ;
; Auto RAM Replacement                                                       ; On                 ; On                 ;
; Auto DSP Block Replacement                                                 ; On                 ; On                 ;
; Auto Shift Register Replacement                                            ; Auto               ; Auto               ;
; Allow Shift Register Merging across Hierarchies                            ; Auto               ; Auto               ;
; Auto Clock Enable Replacement                                              ; On                 ; On                 ;
; Strict RAM Replacement                                                     ; Off                ; Off                ;
; Allow Synchronous Control Signals                                          ; On                 ; On                 ;
; Force Use of Synchronous Clear Signals                                     ; Off                ; Off                ;
; Auto RAM Block Balancing                                                   ; On                 ; On                 ;
; Auto RAM to Logic Cell Conversion                                          ; Off                ; Off                ;
; Auto Resource Sharing                                                      ; Off                ; Off                ;
; Allow Any RAM Size For Recognition                                         ; Off                ; Off                ;
; Allow Any ROM Size For Recognition                                         ; Off                ; Off                ;
; Allow Any Shift Register Size For Recognition                              ; Off                ; Off                ;
; Use LogicLock Constraints during Resource Balancing                        ; On                 ; On                 ;
; Ignore translate_off and synthesis_off directives                          ; Off                ; Off                ;
; Timing-Driven Synthesis                                                    ; On                 ; On                 ;
; Report Parameter Settings                                                  ; On                 ; On                 ;
; Report Source Assignments                                                  ; On                 ; On                 ;
; Report Connectivity Checks                                                 ; On                 ; On                 ;
; Ignore Maximum Fan-Out Assignments                                         ; Off                ; Off                ;
; Synchronization Register Chain Length                                      ; 2                  ; 2                  ;
; PowerPlay Power Optimization                                               ; Normal compilation ; Normal compilation ;
; HDL message level                                                          ; Level2             ; Level2             ;
; Suppress Register Optimization Related Messages                            ; Off                ; Off                ;
; Number of Removed Registers Reported in Synthesis Report                   ; 5000               ; 5000               ;
; Number of Swept Nodes Reported in Synthesis Report                         ; 5000               ; 5000               ;
; Number of Inverted Registers Reported in Synthesis Report                  ; 100                ; 100                ;
; Clock MUX Protection                                                       ; On                 ; On                 ;
; Auto Gated Clock Conversion                                                ; Off                ; Off                ;
; Block Design Naming                                                        ; Auto               ; Auto               ;
; SDC constraint protection                                                  ; Off                ; Off                ;
; Synthesis Effort                                                           ; Auto               ; Auto               ;
; Shift Register Replacement - Allow Asynchronous Clear Signal               ; On                 ; On                 ;
; Pre-Mapping Resynthesis Optimization                                       ; Off                ; Off                ;
; Analysis & Synthesis Message Level                                         ; Medium             ; Medium             ;
; Disable Register Merging Across Hierarchies                                ; Auto               ; Auto               ;
; Resource Aware Inference For Block RAM                                     ; On                 ; On                 ;
; Synthesis Seed                                                             ; 1                  ; 1                  ;
+----------------------------------------------------------------------------+--------------------+--------------------+


Parallel compilation was disabled, but you have multiple processors available. Enable parallel compilation to reduce compilation time.
+-------------------------------------+
; Parallel Compilation                ;
+----------------------------+--------+
; Processors                 ; Number ;
+----------------------------+--------+
; Number detected on machine ; 4      ;
; Maximum allowed            ; 1      ;
+----------------------------+--------+


+----------------------------------------------------------------------------------------------------------------------------------------------------------------------------+
; Analysis & Synthesis Source Files Read                                                                                                                                     ;
+----------------------------------+-----------------+------------------------------------+------------------------------------------------------------------------+---------+
; File Name with User-Entered Path ; Used in Netlist ; File Type                          ; File Name with Absolute Path                                           ; Library ;
+----------------------------------+-----------------+------------------------------------+------------------------------------------------------------------------+---------+
; rr.tdf                           ; yes             ; User Wizard-Generated File         ; D:/AlteraProjects/from_lipova/Projects_BO/First/rr.tdf                 ;         ;
; rpr.tdf                          ; yes             ; User Wizard-Generated File         ; D:/AlteraProjects/from_lipova/Projects_BO/First/rpr.tdf                ;         ;
; ra.tdf                           ; yes             ; User Wizard-Generated File         ; D:/AlteraProjects/from_lipova/Projects_BO/First/ra.tdf                 ;         ;
; blok_oper_sch.bdf                ; yes             ; User Block Diagram/Schematic File  ; D:/AlteraProjects/from_lipova/Projects_BO/First/blok_oper_sch.bdf      ;         ;
; KC1.bdf                          ; yes             ; User Block Diagram/Schematic File  ; D:/AlteraProjects/from_lipova/Projects_BO/First/KC1.bdf                ;         ;
; KC2.bdf                          ; yes             ; User Block Diagram/Schematic File  ; D:/AlteraProjects/from_lipova/Projects_BO/First/KC2.bdf                ;         ;
; KC3.bdf                          ; yes             ; User Block Diagram/Schematic File  ; D:/AlteraProjects/from_lipova/Projects_BO/First/KC3.bdf                ;         ;
; KC4.bdf                          ; yes             ; User Block Diagram/Schematic File  ; D:/AlteraProjects/from_lipova/Projects_BO/First/KC4.bdf                ;         ;
; sum.vhd                          ; yes             ; User Wizard-Generated File         ; D:/AlteraProjects/from_lipova/Projects_BO/First/sum.vhd                ;         ;
; rb.vhd                           ; yes             ; User Wizard-Generated File         ; D:/AlteraProjects/from_lipova/Projects_BO/First/rb.vhd                 ;         ;
; lpm_shiftreg.inc                 ; yes             ; Auto-Found AHDL File               ; c:/altera/13.1/quartus/libraries/megafunctions/lpm_shiftreg.inc        ;         ;
; lpm_ff.inc                       ; yes             ; Auto-Found AHDL File               ; c:/altera/13.1/quartus/libraries/megafunctions/lpm_ff.inc              ;         ;
; lpm_shiftreg.tdf                 ; yes             ; Megafunction                       ; c:/altera/13.1/quartus/libraries/megafunctions/lpm_shiftreg.tdf        ;         ;
; lpm_constant.inc                 ; yes             ; Megafunction                       ; c:/altera/13.1/quartus/libraries/megafunctions/lpm_constant.inc        ;         ;
; dffeea.inc                       ; yes             ; Megafunction                       ; c:/altera/13.1/quartus/libraries/megafunctions/dffeea.inc              ;         ;
; aglobal131.inc                   ; yes             ; Megafunction                       ; c:/altera/13.1/quartus/libraries/megafunctions/aglobal131.inc          ;         ;
; lpm_add_sub.tdf                  ; yes             ; Megafunction                       ; c:/altera/13.1/quartus/libraries/megafunctions/lpm_add_sub.tdf         ;         ;
; addcore.inc                      ; yes             ; Megafunction                       ; c:/altera/13.1/quartus/libraries/megafunctions/addcore.inc             ;         ;
; look_add.inc                     ; yes             ; Megafunction                       ; c:/altera/13.1/quartus/libraries/megafunctions/look_add.inc            ;         ;
; bypassff.inc                     ; yes             ; Megafunction                       ; c:/altera/13.1/quartus/libraries/megafunctions/bypassff.inc            ;         ;
; altshift.inc                     ; yes             ; Megafunction                       ; c:/altera/13.1/quartus/libraries/megafunctions/altshift.inc            ;         ;
; alt_stratix_add_sub.inc          ; yes             ; Megafunction                       ; c:/altera/13.1/quartus/libraries/megafunctions/alt_stratix_add_sub.inc ;         ;
; db/add_sub_dmi.tdf               ; yes             ; Auto-Generated Megafunction        ; D:/AlteraProjects/from_lipova/Projects_BO/First/db/add_sub_dmi.tdf     ;         ;
; lpm_ff.tdf                       ; yes             ; Megafunction                       ; c:/altera/13.1/quartus/libraries/megafunctions/lpm_ff.tdf              ;         ;
+----------------------------------+-----------------+------------------------------------+------------------------------------------------------------------------+---------+


+---------------------------------------------+
; Analysis & Synthesis Resource Usage Summary ;
+--------------------------+------------------+
; Resource                 ; Usage            ;
+--------------------------+------------------+
; I/O pins                 ; 32               ;
; DSP block 9-bit elements ; 0                ;
; Maximum fan-out node     ; clk~input        ;
; Maximum fan-out          ; 18               ;
; Total fan-out            ; 221              ;
; Average fan-out          ; 1.83             ;
+--------------------------+------------------+


+----------------------------------------------------------------------------------------------------------------------------------------------------------------------------------------------------------------------------------------------------------------------------+
; Analysis & Synthesis Resource Utilization by Entity                                                                                                                                                                                                                        ;
+---------------------------------------------+-------------------+--------------+-------------+--------------+---------+-----------+-----------+------+--------------+---------------------------------------------------------------------------------------+--------------+
; Compilation Hierarchy Node                  ; LC Combinationals ; LC Registers ; Memory Bits ; DSP Elements ; DSP 9x9 ; DSP 18x18 ; DSP 36x36 ; Pins ; Virtual Pins ; Full Hierarchy Name                                                                   ; Library Name ;
+---------------------------------------------+-------------------+--------------+-------------+--------------+---------+-----------+-----------+------+--------------+---------------------------------------------------------------------------------------+--------------+
; |blok_oper_sch                              ; 39 (0)            ; 18 (0)       ; 0           ; 0            ; 0       ; 0         ; 0         ; 32   ; 0            ; |blok_oper_sch                                                                        ; work         ;
;    |KC1:inst8|                              ; 4 (4)             ; 0 (0)        ; 0           ; 0            ; 0       ; 0         ; 0         ; 0    ; 0            ; |blok_oper_sch|KC1:inst8                                                              ; work         ;
;    |KC2:inst10|                             ; 8 (8)             ; 0 (0)        ; 0           ; 0            ; 0       ; 0         ; 0         ; 0    ; 0            ; |blok_oper_sch|KC2:inst10                                                             ; work         ;
;    |KC3:inst11|                             ; 3 (3)             ; 0 (0)        ; 0           ; 0            ; 0       ; 0         ; 0         ; 0    ; 0            ; |blok_oper_sch|KC3:inst11                                                             ; work         ;
;    |KC4:inst2|                              ; 2 (2)             ; 0 (0)        ; 0           ; 0            ; 0       ; 0         ; 0         ; 0    ; 0            ; |blok_oper_sch|KC4:inst2                                                              ; work         ;
;    |ra:inst|                                ; 0 (0)             ; 4 (0)        ; 0           ; 0            ; 0       ; 0         ; 0         ; 0    ; 0            ; |blok_oper_sch|ra:inst                                                                ; work         ;
;       |lpm_ff:lpm_ff_component|             ; 0 (0)             ; 4 (4)        ; 0           ; 0            ; 0       ; 0         ; 0         ; 0    ; 0            ; |blok_oper_sch|ra:inst|lpm_ff:lpm_ff_component                                        ; work         ;
;    |rb:inst1|                               ; 4 (0)             ; 4 (0)        ; 0           ; 0            ; 0       ; 0         ; 0         ; 0    ; 0            ; |blok_oper_sch|rb:inst1                                                               ; work         ;
;       |lpm_shiftreg:LPM_SHIFTREG_component| ; 4 (4)             ; 4 (4)        ; 0           ; 0            ; 0       ; 0         ; 0         ; 0    ; 0            ; |blok_oper_sch|rb:inst1|lpm_shiftreg:LPM_SHIFTREG_component                           ; work         ;
;    |rpr:inst16|                             ; 0 (0)             ; 2 (0)        ; 0           ; 0            ; 0       ; 0         ; 0         ; 0    ; 0            ; |blok_oper_sch|rpr:inst16                                                             ; work         ;
;       |lpm_ff:lpm_ff_component|             ; 0 (0)             ; 2 (2)        ; 0           ; 0            ; 0       ; 0         ; 0         ; 0    ; 0            ; |blok_oper_sch|rpr:inst16|lpm_ff:lpm_ff_component                                     ; work         ;
;    |rr:inst6|                               ; 8 (0)             ; 8 (0)        ; 0           ; 0            ; 0       ; 0         ; 0         ; 0    ; 0            ; |blok_oper_sch|rr:inst6                                                               ; work         ;
;       |lpm_shiftreg:lpm_shiftreg_component| ; 8 (8)             ; 8 (8)        ; 0           ; 0            ; 0       ; 0         ; 0         ; 0    ; 0            ; |blok_oper_sch|rr:inst6|lpm_shiftreg:lpm_shiftreg_component                           ; work         ;
;    |sum:inst5|                              ; 10 (0)            ; 0 (0)        ; 0           ; 0            ; 0       ; 0         ; 0         ; 0    ; 0            ; |blok_oper_sch|sum:inst5                                                              ; work         ;
;       |lpm_add_sub:LPM_ADD_SUB_component|   ; 10 (0)            ; 0 (0)        ; 0           ; 0            ; 0       ; 0         ; 0         ; 0    ; 0            ; |blok_oper_sch|sum:inst5|lpm_add_sub:LPM_ADD_SUB_component                            ; work         ;
;          |add_sub_dmi:auto_generated|       ; 10 (10)           ; 0 (0)        ; 0           ; 0            ; 0       ; 0         ; 0         ; 0    ; 0            ; |blok_oper_sch|sum:inst5|lpm_add_sub:LPM_ADD_SUB_component|add_sub_dmi:auto_generated ; work         ;
+---------------------------------------------+-------------------+--------------+-------------+--------------+---------+-----------+-----------+------+--------------+---------------------------------------------------------------------------------------+--------------+
Note: For table entries with two numbers listed, the numbers in parentheses indicate the number of resources of the given type used by the specific entity alone. The numbers listed outside of parentheses indicate the total resources of the given type used by the specific entity and all of its sub-entities in the hierarchy.


+-----------------------------------------------------------------------------------------------------------------------------------------------------+
; Analysis & Synthesis IP Cores Summary                                                                                                               ;
+--------+--------------+---------+--------------+--------------+---------------------------+---------------------------------------------------------+
; Vendor ; IP Core Name ; Version ; Release Date ; License Type ; Entity Instance           ; IP Include File                                         ;
+--------+--------------+---------+--------------+--------------+---------------------------+---------------------------------------------------------+
; Altera ; LPM_FF       ; N/A     ; N/A          ; N/A          ; |blok_oper_sch|ra:inst    ; D:/AlteraProjects/from_lipova/Projects_BO/First/ra.tdf  ;
; Altera ; LPM_SHIFTREG ; 13.1    ; N/A          ; N/A          ; |blok_oper_sch|rb:inst1   ; D:/AlteraProjects/from_lipova/Projects_BO/First/rb.vhd  ;
; Altera ; LPM_ADD_SUB  ; 13.1    ; N/A          ; N/A          ; |blok_oper_sch|sum:inst5  ; D:/AlteraProjects/from_lipova/Projects_BO/First/sum.vhd ;
; Altera ; LPM_SHIFTREG ; N/A     ; N/A          ; N/A          ; |blok_oper_sch|rr:inst6   ; D:/AlteraProjects/from_lipova/Projects_BO/First/rr.tdf  ;
; Altera ; LPM_FF       ; N/A     ; N/A          ; N/A          ; |blok_oper_sch|rpr:inst16 ; D:/AlteraProjects/from_lipova/Projects_BO/First/rpr.tdf ;
+--------+--------------+---------+--------------+--------------+---------------------------+---------------------------------------------------------+


+--------------------------------------------------------------------------------------------+
; Logic Cells Representing Combinational Loops                                               ;
+----------------------------------------------------------------------------------------+---+
; Logic Cell Name                                                                        ;   ;
+----------------------------------------------------------------------------------------+---+
; sum:inst5|lpm_add_sub:LPM_ADD_SUB_component|add_sub_dmi:auto_generated|result_int[9]~0 ;   ;
; Number of logic cells representing combinational loops                                 ; 1 ;
+----------------------------------------------------------------------------------------+---+
Note: All cells listed above may not be present at the end of synthesis due to various synthesis optimizations.


+------------------------------------------------------+
; General Register Statistics                          ;
+----------------------------------------------+-------+
; Statistic                                    ; Value ;
+----------------------------------------------+-------+
; Total registers                              ; 18    ;
; Number of registers using Synchronous Clear  ; 0     ;
; Number of registers using Synchronous Load   ; 0     ;
; Number of registers using Asynchronous Clear ; 0     ;
; Number of registers using Asynchronous Load  ; 0     ;
; Number of registers using Clock Enable       ; 18    ;
; Number of registers using Preset             ; 0     ;
+----------------------------------------------+-------+


+-------------------------------------------------------------------------------------------+
; Parameter Settings for User Entity Instance: rb:inst1|lpm_shiftreg:LPM_SHIFTREG_component ;
+------------------------+---------------+--------------------------------------------------+
; Parameter Name         ; Value         ; Type                                             ;
+------------------------+---------------+--------------------------------------------------+
; LPM_WIDTH              ; 4             ; Signed Integer                                   ;
; LPM_DIRECTION          ; LEFT          ; Untyped                                          ;
; LPM_AVALUE             ; UNUSED        ; Untyped                                          ;
; LPM_SVALUE             ; UNUSED        ; Untyped                                          ;
; DEVICE_FAMILY          ; Cyclone IV GX ; Untyped                                          ;
; AUTO_CARRY_CHAINS      ; ON            ; AUTO_CARRY                                       ;
; IGNORE_CARRY_BUFFERS   ; OFF           ; IGNORE_CARRY                                     ;
; AUTO_CASCADE_CHAINS    ; ON            ; AUTO_CASCADE                                     ;
; IGNORE_CASCADE_BUFFERS ; OFF           ; IGNORE_CASCADE                                   ;
+------------------------+---------------+--------------------------------------------------+
Note: In order to hide this table in the UI and the text report file, please set the "Show Parameter Settings in Synthesis Report" option in "Analysis and Synthesis Settings -> More Settings" to "Off".


+-------------------------------------------------------------------------------------------+
; Parameter Settings for User Entity Instance: rr:inst6|lpm_shiftreg:lpm_shiftreg_component ;
+------------------------+---------------+--------------------------------------------------+
; Parameter Name         ; Value         ; Type                                             ;
+------------------------+---------------+--------------------------------------------------+
; LPM_WIDTH              ; 8             ; Untyped                                          ;
; LPM_DIRECTION          ; LEFT          ; Untyped                                          ;
; LPM_AVALUE             ; UNUSED        ; Untyped                                          ;
; LPM_SVALUE             ; UNUSED        ; Untyped                                          ;
; DEVICE_FAMILY          ; Cyclone IV GX ; Untyped                                          ;
; AUTO_CARRY_CHAINS      ; ON            ; AUTO_CARRY                                       ;
; IGNORE_CARRY_BUFFERS   ; OFF           ; IGNORE_CARRY                                     ;
; AUTO_CASCADE_CHAINS    ; ON            ; AUTO_CASCADE                                     ;
; IGNORE_CASCADE_BUFFERS ; OFF           ; IGNORE_CASCADE                                   ;
+------------------------+---------------+--------------------------------------------------+
Note: In order to hide this table in the UI and the text report file, please set the "Show Parameter Settings in Synthesis Report" option in "Analysis and Synthesis Settings -> More Settings" to "Off".


+------------------------------------------------------------------------------------------+
; Parameter Settings for User Entity Instance: sum:inst5|lpm_add_sub:LPM_ADD_SUB_component ;
+------------------------+---------------+-------------------------------------------------+
; Parameter Name         ; Value         ; Type                                            ;
+------------------------+---------------+-------------------------------------------------+
; LPM_WIDTH              ; 8             ; Signed Integer                                  ;
; LPM_REPRESENTATION     ; UNSIGNED      ; Untyped                                         ;
; LPM_DIRECTION          ; ADD           ; Untyped                                         ;
; ONE_INPUT_IS_CONSTANT  ; NO            ; Untyped                                         ;
; LPM_PIPELINE           ; 0             ; Untyped                                         ;
; MAXIMIZE_SPEED         ; 5             ; Untyped                                         ;
; REGISTERED_AT_END      ; 0             ; Untyped                                         ;
; OPTIMIZE_FOR_SPEED     ; 5             ; Untyped                                         ;
; USE_CS_BUFFERS         ; 1             ; Untyped                                         ;
; CARRY_CHAIN            ; MANUAL        ; Untyped                                         ;
; CARRY_CHAIN_LENGTH     ; 48            ; CARRY_CHAIN_LENGTH                              ;
; DEVICE_FAMILY          ; Cyclone IV GX ; Untyped                                         ;
; USE_WYS                ; OFF           ; Untyped                                         ;
; STYLE                  ; FAST          ; Untyped                                         ;
; CBXI_PARAMETER         ; add_sub_dmi   ; Untyped                                         ;
; AUTO_CARRY_CHAINS      ; ON            ; AUTO_CARRY                                      ;
; IGNORE_CARRY_BUFFERS   ; OFF           ; IGNORE_CARRY                                    ;
; AUTO_CASCADE_CHAINS    ; ON            ; AUTO_CASCADE                                    ;
; IGNORE_CASCADE_BUFFERS ; OFF           ; IGNORE_CASCADE                                  ;
+------------------------+---------------+-------------------------------------------------+
Note: In order to hide this table in the UI and the text report file, please set the "Show Parameter Settings in Synthesis Report" option in "Analysis and Synthesis Settings -> More Settings" to "Off".


+------------------------------------------------------------------------------+
; Parameter Settings for User Entity Instance: ra:inst|lpm_ff:lpm_ff_component ;
+------------------------+---------------+-------------------------------------+
; Parameter Name         ; Value         ; Type                                ;
+------------------------+---------------+-------------------------------------+
; LPM_WIDTH              ; 4             ; Untyped                             ;
; LPM_AVALUE             ; UNUSED        ; Untyped                             ;
; LPM_SVALUE             ; UNUSED        ; Untyped                             ;
; LPM_FFTYPE             ; DFF           ; Untyped                             ;
; DEVICE_FAMILY          ; Cyclone IV GX ; Untyped                             ;
; CBXI_PARAMETER         ; NOTHING       ; Untyped                             ;
; AUTO_CARRY_CHAINS      ; ON            ; AUTO_CARRY                          ;
; IGNORE_CARRY_BUFFERS   ; OFF           ; IGNORE_CARRY                        ;
; AUTO_CASCADE_CHAINS    ; ON            ; AUTO_CASCADE                        ;
; IGNORE_CASCADE_BUFFERS ; OFF           ; IGNORE_CASCADE                      ;
+------------------------+---------------+-------------------------------------+
Note: In order to hide this table in the UI and the text report file, please set the "Show Parameter Settings in Synthesis Report" option in "Analysis and Synthesis Settings -> More Settings" to "Off".


+---------------------------------------------------------------------------------+
; Parameter Settings for User Entity Instance: rpr:inst16|lpm_ff:lpm_ff_component ;
+------------------------+---------------+----------------------------------------+
; Parameter Name         ; Value         ; Type                                   ;
+------------------------+---------------+----------------------------------------+
; LPM_WIDTH              ; 2             ; Untyped                                ;
; LPM_AVALUE             ; UNUSED        ; Untyped                                ;
; LPM_SVALUE             ; UNUSED        ; Untyped                                ;
; LPM_FFTYPE             ; DFF           ; Untyped                                ;
; DEVICE_FAMILY          ; Cyclone IV GX ; Untyped                                ;
; CBXI_PARAMETER         ; NOTHING       ; Untyped                                ;
; AUTO_CARRY_CHAINS      ; ON            ; AUTO_CARRY                             ;
; IGNORE_CARRY_BUFFERS   ; OFF           ; IGNORE_CARRY                           ;
; AUTO_CASCADE_CHAINS    ; ON            ; AUTO_CASCADE                           ;
; IGNORE_CASCADE_BUFFERS ; OFF           ; IGNORE_CASCADE                         ;
+------------------------+---------------+----------------------------------------+
Note: In order to hide this table in the UI and the text report file, please set the "Show Parameter Settings in Synthesis Report" option in "Analysis and Synthesis Settings -> More Settings" to "Off".


+---------------------------------------------------------------------------+
; lpm_shiftreg Parameter Settings by Entity Instance                        ;
+----------------------------+----------------------------------------------+
; Name                       ; Value                                        ;
+----------------------------+----------------------------------------------+
; Number of entity instances ; 2                                            ;
; Entity Instance            ; rb:inst1|lpm_shiftreg:LPM_SHIFTREG_component ;
;     -- LPM_WIDTH           ; 4                                            ;
;     -- LPM_DIRECTION       ; LEFT                                         ;
; Entity Instance            ; rr:inst6|lpm_shiftreg:lpm_shiftreg_component ;
;     -- LPM_WIDTH           ; 8                                            ;
;     -- LPM_DIRECTION       ; LEFT                                         ;
+----------------------------+----------------------------------------------+


+-------------------------------+
; Elapsed Time Per Partition    ;
+----------------+--------------+
; Partition Name ; Elapsed Time ;
+----------------+--------------+
; Top            ; 00:00:01     ;
+----------------+--------------+


+-------------------------------+
; Analysis & Synthesis Messages ;
+-------------------------------+
Info: *******************************************************************
Info: Running Quartus II 64-Bit Analysis & Synthesis
    Info: Version 13.1.0 Build 162 10/23/2013 SJ Web Edition
    Info: Processing started: Wed Sep 18 15:46:46 2024
Info: Command: quartus_map --read_settings_files=on --write_settings_files=off First -c First
Warning (20028): Parallel compilation is not licensed and has been disabled
Info (12021): Found 1 design units, including 1 entities, in source file rr.tdf
    Info (12023): Found entity 1: rr
Info (12021): Found 1 design units, including 1 entities, in source file rpr.tdf
    Info (12023): Found entity 1: rpr
Info (12021): Found 1 design units, including 1 entities, in source file ra.tdf
    Info (12023): Found entity 1: ra
Info (12021): Found 1 design units, including 1 entities, in source file blok_oper_sch.bdf
    Info (12023): Found entity 1: blok_oper_sch
Info (12021): Found 1 design units, including 1 entities, in source file kc1.bdf
    Info (12023): Found entity 1: KC1
Info (12021): Found 1 design units, including 1 entities, in source file kc2.bdf
    Info (12023): Found entity 1: KC2
Info (12021): Found 1 design units, including 1 entities, in source file kc3.bdf
    Info (12023): Found entity 1: KC3
Info (12021): Found 1 design units, including 1 entities, in source file kc4.bdf
    Info (12023): Found entity 1: KC4
Info (12021): Found 2 design units, including 1 entities, in source file sum.vhd
    Info (12022): Found design unit 1: sum-SYN
    Info (12023): Found entity 1: sum
Info (12021): Found 2 design units, including 1 entities, in source file rb.vhd
    Info (12022): Found design unit 1: rb-SYN
    Info (12023): Found entity 1: rb
Info (12127): Elaborating entity "blok_oper_sch" for the top level hierarchy
Info (12128): Elaborating entity "rb" for hierarchy "rb:inst1"
Info (12128): Elaborating entity "lpm_shiftreg" for hierarchy "rb:inst1|lpm_shiftreg:LPM_SHIFTREG_component"
Info (12130): Elaborated megafunction instantiation "rb:inst1|lpm_shiftreg:LPM_SHIFTREG_component"
Info (12133): Instantiated megafunction "rb:inst1|lpm_shiftreg:LPM_SHIFTREG_component" with the following parameter:
    Info (12134): Parameter "lpm_direction" = "LEFT"
    Info (12134): Parameter "lpm_type" = "LPM_SHIFTREG"
    Info (12134): Parameter "lpm_width" = "4"
Info (12128): Elaborating entity "KC4" for hierarchy "KC4:inst2"
Info (12128): Elaborating entity "rr" for hierarchy "rr:inst6"
Info (12128): Elaborating entity "lpm_shiftreg" for hierarchy "rr:inst6|lpm_shiftreg:lpm_shiftreg_component"
Info (12130): Elaborated megafunction instantiation "rr:inst6|lpm_shiftreg:lpm_shiftreg_component"
Info (12133): Instantiated megafunction "rr:inst6|lpm_shiftreg:lpm_shiftreg_component" with the following parameter:
    Info (12134): Parameter "LPM_TYPE" = "LPM_SHIFTREG"
    Info (12134): Parameter "LPM_WIDTH" = "8"
    Info (12134): Parameter "LPM_DIRECTION" = "LEFT"
Info (12128): Elaborating entity "sum" for hierarchy "sum:inst5"
Info (12128): Elaborating entity "lpm_add_sub" for hierarchy "sum:inst5|lpm_add_sub:LPM_ADD_SUB_component"
Info (12130): Elaborated megafunction instantiation "sum:inst5|lpm_add_sub:LPM_ADD_SUB_component"
Info (12133): Instantiated megafunction "sum:inst5|lpm_add_sub:LPM_ADD_SUB_component" with the following parameter:
    Info (12134): Parameter "lpm_direction" = "ADD"
    Info (12134): Parameter "lpm_hint" = "ONE_INPUT_IS_CONSTANT=NO,CIN_USED=YES"
    Info (12134): Parameter "lpm_representation" = "UNSIGNED"
    Info (12134): Parameter "lpm_type" = "LPM_ADD_SUB"
    Info (12134): Parameter "lpm_width" = "8"
Info (12021): Found 1 design units, including 1 entities, in source file db/add_sub_dmi.tdf
    Info (12023): Found entity 1: add_sub_dmi
Info (12128): Elaborating entity "add_sub_dmi" for hierarchy "sum:inst5|lpm_add_sub:LPM_ADD_SUB_component|add_sub_dmi:auto_generated"
Info (12128): Elaborating entity "KC1" for hierarchy "KC1:inst8"
Info (12128): Elaborating entity "ra" for hierarchy "ra:inst"
Info (12128): Elaborating entity "lpm_ff" for hierarchy "ra:inst|lpm_ff:lpm_ff_component"
Info (12130): Elaborated megafunction instantiation "ra:inst|lpm_ff:lpm_ff_component"
Info (12133): Instantiated megafunction "ra:inst|lpm_ff:lpm_ff_component" with the following parameter:
    Info (12134): Parameter "LPM_TYPE" = "LPM_FF"
    Info (12134): Parameter "LPM_WIDTH" = "4"
    Info (12134): Parameter "LPM_FFTYPE" = "DFF"
Info (12128): Elaborating entity "KC2" for hierarchy "KC2:inst10"
Info (12128): Elaborating entity "rpr" for hierarchy "rpr:inst16"
Info (12128): Elaborating entity "lpm_ff" for hierarchy "rpr:inst16|lpm_ff:lpm_ff_component"
Info (12130): Elaborated megafunction instantiation "rpr:inst16|lpm_ff:lpm_ff_component"
Info (12133): Instantiated megafunction "rpr:inst16|lpm_ff:lpm_ff_component" with the following parameter:
    Info (12134): Parameter "LPM_TYPE" = "LPM_FF"
    Info (12134): Parameter "LPM_WIDTH" = "2"
    Info (12134): Parameter "LPM_FFTYPE" = "DFF"
Info (12128): Elaborating entity "KC3" for hierarchy "KC3:inst11"
Info (286030): Timing-Driven Synthesis is running
Info (16010): Generating hard_block partition "hard_block:auto_generated_inst"
    Info (16011): Adding 0 node(s), including 0 DDIO, 0 PLL, 0 transceiver and 0 LCELL
Info (21057): Implemented 75 device resources after synthesis - the final resource count might be different
    Info (21058): Implemented 19 input pins
    Info (21059): Implemented 13 output pins
    Info (21061): Implemented 43 logic cells
Info: Quartus II 64-Bit Analysis & Synthesis was successful. 0 errors, 1 warning
    Info: Peak virtual memory: 4719 megabytes
    Info: Processing ended: Wed Sep 18 15:46:55 2024
    Info: Elapsed time: 00:00:09
    Info: Total CPU time (on all processors): 00:00:06


