Flow report for First
Sat Dec 21 07:31:50 2024
Quartus II 64-Bit Version 13.1.0 Build 162 10/23/2013 SJ Web Edition


---------------------
; Table of Contents ;
---------------------
  1. Legal Notice
  2. Flow Summary
  3. Flow Settings
  4. Flow Non-Default Global Settings
  5. Flow Elapsed Time
  6. Flow OS Summary
  7. Flow Log
  8. Flow Messages
  9. Flow Suppressed Messages



----------------
; Legal Notice ;
----------------
Copyright (C) 1991-2013 Altera Corporation
Your use of Altera Corporation's design tools, logic functions 
and other software and tools, and its AMPP partner logic 
functions, and any output files from any of the foregoing 
(including device programming or simulation files), and any 
associated documentation or information are expressly subject 
to the terms and conditions of the Altera Program License 
Subscription Agreement, Altera MegaCore Function License 
Agreement, or other applicable license agreement, including, 
without limitation, that your use is for the sole purpose of 
programming logic devices manufactured by Altera and sold by 
Altera or its authorized distributors.  Please refer to the 
applicable agreement for further details.



+---------------------------------------------------------------------------------------+
; Flow Summary                                                                          ;
+------------------------------------+--------------------------------------------------+
; Flow Status                        ; MIF/HEX Update Failed - Sat Dec 21 07:31:50 2024 ;
; Quartus II 64-Bit Version          ; 13.1.0 Build 162 10/23/2013 SJ Web Edition       ;
; Revision Name                      ; First                                            ;
; Top-level Entity Name              ; blok_oper_sch                                    ;
; Family                             ; Cyclone IV GX                                    ;
; Total logic elements               ; 39 / 14,400 ( < 1 % )                            ;
;     Total combinational functions  ; 39 / 14,400 ( < 1 % )                            ;
;     Dedicated logic registers      ; 18 / 14,400 ( < 1 % )                            ;
; Total registers                    ; 18                                               ;
; Total pins                         ; 32 / 81 ( 40 % )                                 ;
; Total virtual pins                 ; 0                                                ;
; Total memory bits                  ; 0 / 552,960 ( 0 % )                              ;
; Embedded Multiplier 9-bit elements ; 0                                                ;
; Total GXB Receiver Channel PCS     ; 0 / 2 ( 0 % )                                    ;
; Total GXB Receiver Channel PMA     ; 0 / 2 ( 0 % )                                    ;
; Total GXB Transmitter Channel PCS  ; 0 / 2 ( 0 % )                                    ;
; Total GXB Transmitter Channel PMA  ; 0 / 2 ( 0 % )                                    ;
; Total PLLs                         ; 0 / 3 ( 0 % )                                    ;
; Device                             ; EP4CGX15BF14C6                                   ;
; Timing Models                      ; Final                                            ;
+------------------------------------+--------------------------------------------------+


+-----------------------------------------+
; Flow Settings                           ;
+-------------------+---------------------+
; Option            ; Setting             ;
+-------------------+---------------------+
; Start date & time ; 09/18/2024 15:46:48 ;
; Main task         ; Compilation         ;
; Revision Name     ; First               ;
+-------------------+---------------------+


+----------------------------------------------------------------------------------------------------------------------------------------------------------------+
; Flow Non-Default Global Settings                                                                                                                               ;
+-------------------------------------+------------------------------------------------------+---------------+---------------+-----------------------------------+
; Assignment Name                     ; Value                                                ; Default Value ; Entity Name   ; Section Id                        ;
+-------------------------------------+------------------------------------------------------+---------------+---------------+-----------------------------------+
; COMPILER_SIGNATURE_ID               ; 9210264648849.172666360701456                        ; --            ; --            ; --                                ;
; EDA_GENERATE_FUNCTIONAL_NETLIST     ; On                                                   ; --            ; --            ; eda_simulation                    ;
; EDA_GENERATE_FUNCTIONAL_NETLIST     ; Off                                                  ; --            ; --            ; eda_board_design_timing           ;
; EDA_GENERATE_FUNCTIONAL_NETLIST     ; Off                                                  ; --            ; --            ; eda_board_design_symbol           ;
; EDA_GENERATE_FUNCTIONAL_NETLIST     ; Off                                                  ; --            ; --            ; eda_board_design_signal_integrity ;
; EDA_GENERATE_FUNCTIONAL_NETLIST     ; Off                                                  ; --            ; --            ; eda_board_design_boundary_scan    ;
; EDA_NETLIST_WRITER_OUTPUT_DIR       ; D:/AlteraProjects/from_lipova/First/simulation/qsim/ ; --            ; --            ; eda_simulation                    ;
; EDA_OUTPUT_DATA_FORMAT              ; Verilog Hdl                                          ; --            ; --            ; eda_simulation                    ;
; EDA_SIMULATION_TOOL                 ; ModelSim-Altera (Verilog)                            ; <None>        ; --            ; --                                ;
; EDA_TIME_SCALE                      ; 1 ps                                                 ; --            ; --            ; eda_simulation                    ;
; IP_TOOL_NAME                        ; LPM_SHIFTREG                                         ; --            ; --            ; --                                ;
; IP_TOOL_NAME                        ; LPM_FF                                               ; --            ; --            ; --                                ;
; IP_TOOL_NAME                        ; LPM_FF                                               ; --            ; --            ; --                                ;
; IP_TOOL_NAME                        ; LPM_ADD_SUB                                          ; --            ; --            ; --                                ;
; IP_TOOL_NAME                        ; LPM_SHIFTREG                                         ; --            ; --            ; --                                ;
; IP_TOOL_VERSION                     ; 9.0                                                  ; --            ; --            ; --                                ;
; IP_TOOL_VERSION                     ; 9.0                                                  ; --            ; --            ; --                                ;
; IP_TOOL_VERSION                     ; 9.0                                                  ; --            ; --            ; --                                ;
; IP_TOOL_VERSION                     ; 13.1                                                 ; --            ; --            ; --                                ;
; IP_TOOL_VERSION                     ; 13.1                                                 ; --            ; --            ; --                                ;
; MISC_FILE                           ; rr.tdf                                               ; --            ; --            ; --                                ;
; MISC_FILE                           ; rr.bsf                                               ; --            ; --            ; --                                ;
; MISC_FILE                           ; rr.inc                                               ; --            ; --            ; --                                ;
; MISC_FILE                           ; rpr.tdf                                              ; --            ; --            ; --                                ;
; MISC_FILE                           ; rpr.bsf                                              ; --            ; --            ; --                                ;
; MISC_FILE                           ; rpr.inc                                              ; --            ; --            ; --                                ;
; MISC_FILE                           ; ra.tdf                                               ; --            ; --            ; --                                ;
; MISC_FILE                           ; sum.bsf                                              ; --            ; --            ; --                                ;
; MISC_FILE                           ; sum.cmp                                              ; --            ; --            ; --                                ;
; MISC_FILE                           ; rb.bsf                                               ; --            ; --            ; --                                ;
; MISC_FILE                           ; rb.cmp                                               ; --            ; --            ; --                                ;
; PARTITION_COLOR                     ; 16764057                                             ; --            ; blok_oper_sch ; Top                               ;
; PARTITION_FITTER_PRESERVATION_LEVEL ; PLACEMENT_AND_ROUTING                                ; --            ; blok_oper_sch ; Top                               ;
; PARTITION_NETLIST_TYPE              ; SOURCE                                               ; --            ; blok_oper_sch ; Top                               ;
; PROJECT_OUTPUT_DIRECTORY            ; output_files                                         ; --            ; --            ; --                                ;
; TOP_LEVEL_ENTITY                    ; blok_oper_sch                                        ; First         ; --            ; --                                ;
+-------------------------------------+------------------------------------------------------+---------------+---------------+-----------------------------------+


+-------------------------------------------------------------------------------------------------------------------------------+
; Flow Elapsed Time                                                                                                             ;
+---------------------------+--------------+-------------------------+---------------------+------------------------------------+
; Module Name               ; Elapsed Time ; Average Processors Used ; Peak Virtual Memory ; Total CPU Time (on all processors) ;
+---------------------------+--------------+-------------------------+---------------------+------------------------------------+
; Analysis & Synthesis      ; 00:00:07     ; 1.0                     ; 4715 MB             ; 00:00:06                           ;
; Fitter                    ; 00:00:23     ; 1.0                     ; 5027 MB             ; 00:00:17                           ;
; Assembler                 ; 00:00:04     ; 1.0                     ; 4621 MB             ; 00:00:04                           ;
; TimeQuest Timing Analyzer ; 00:00:07     ; 1.0                     ; 4644 MB             ; 00:00:06                           ;
; EDA Netlist Writer        ; 00:00:02     ; 1.0                     ; 4576 MB             ; 00:00:01                           ;
; EDA Netlist Writer        ; 00:00:02     ; 1.0                     ; 4588 MB             ; 00:00:02                           ;
; EDA Netlist Writer        ; 00:00:02     ; 1.0                     ; 4588 MB             ; 00:00:02                           ;
; EDA Netlist Writer        ; 00:00:03     ; 1.0                     ; 4588 MB             ; 00:00:02                           ;
; EDA Netlist Writer        ; 00:00:02     ; 1.0                     ; 4588 MB             ; 00:00:02                           ;
; EDA Netlist Writer        ; 00:00:02     ; 1.0                     ; 4588 MB             ; 00:00:02                           ;
; EDA Netlist Writer        ; 00:00:02     ; 1.0                     ; 4588 MB             ; 00:00:02                           ;
; EDA Netlist Writer        ; 00:00:02     ; 1.0                     ; 4588 MB             ; 00:00:02                           ;
; EDA Netlist Writer        ; 00:00:03     ; 1.0                     ; 4588 MB             ; 00:00:02                           ;
; EDA Netlist Writer        ; 00:00:02     ; 1.0                     ; 4588 MB             ; 00:00:02                           ;
; EDA Netlist Writer        ; 00:00:02     ; 1.0                     ; 4588 MB             ; 00:00:02                           ;
; EDA Netlist Writer        ; 00:00:02     ; 1.0                     ; 4588 MB             ; 00:00:02                           ;
; EDA Netlist Writer        ; 00:00:02     ; 1.0                     ; 4588 MB             ; 00:00:02                           ;
; EDA Netlist Writer        ; 00:00:02     ; 1.0                     ; 4588 MB             ; 00:00:02                           ;
; EDA Netlist Writer        ; 00:00:02     ; 1.0                     ; 4588 MB             ; 00:00:02                           ;
; EDA Netlist Writer        ; 00:00:02     ; 1.0                     ; 4589 MB             ; 00:00:02                           ;
; EDA Netlist Writer        ; 00:00:02     ; 1.0                     ; 4589 MB             ; 00:00:02                           ;
; EDA Netlist Writer        ; 00:00:01     ; 1.0                     ; 4588 MB             ; 00:00:02                           ;
; EDA Netlist Writer        ; 00:00:02     ; 1.0                     ; 4589 MB             ; 00:00:02                           ;
; EDA Netlist Writer        ; 00:00:02     ; 1.0                     ; 4588 MB             ; 00:00:02                           ;
; EDA Netlist Writer        ; 00:00:03     ; 1.0                     ; 4588 MB             ; 00:00:02                           ;
; EDA Netlist Writer        ; 00:00:02     ; 1.0                     ; 4588 MB             ; 00:00:02                           ;
; EDA Netlist Writer        ; 00:00:02     ; 1.0                     ; 4588 MB             ; 00:00:02                           ;
; EDA Netlist Writer        ; 00:00:02     ; 1.0                     ; 4588 MB             ; 00:00:02                           ;
; EDA Netlist Writer        ; 00:00:02     ; 1.0                     ; 4588 MB             ; 00:00:02                           ;
; EDA Netlist Writer        ; 00:00:02     ; 1.0                     ; 4589 MB             ; 00:00:02                           ;
; EDA Netlist Writer        ; 00:00:02     ; 1.0                     ; 4588 MB             ; 00:00:02                           ;
; EDA Netlist Writer        ; 00:00:02     ; 1.0                     ; 4588 MB             ; 00:00:02                           ;
; EDA Netlist Writer        ; 00:00:02     ; 1.0                     ; 4588 MB             ; 00:00:02                           ;
; EDA Netlist Writer        ; 00:00:02     ; 1.0                     ; 4588 MB             ; 00:00:02                           ;
; EDA Netlist Writer        ; 00:00:02     ; 1.0                     ; 4588 MB             ; 00:00:02                           ;
; EDA Netlist Writer        ; 00:00:02     ; 1.0                     ; 4588 MB             ; 00:00:02                           ;
; EDA Netlist Writer        ; 00:00:02     ; 1.0                     ; 4588 MB             ; 00:00:02                           ;
; EDA Netlist Writer        ; 00:00:02     ; 1.0                     ; 4588 MB             ; 00:00:02                           ;
; EDA Netlist Writer        ; 00:00:02     ; 1.0                     ; 4588 MB             ; 00:00:02                           ;
; EDA Netlist Writer        ; 00:00:02     ; 1.0                     ; 4588 MB             ; 00:00:02                           ;
; EDA Netlist Writer        ; 00:00:02     ; 1.0                     ; 4588 MB             ; 00:00:02                           ;
; EDA Netlist Writer        ; 00:00:02     ; 1.0                     ; 4588 MB             ; 00:00:02                           ;
; EDA Netlist Writer        ; 00:00:02     ; 1.0                     ; 4588 MB             ; 00:00:02                           ;
; EDA Netlist Writer        ; 00:00:02     ; 1.0                     ; 4588 MB             ; 00:00:02                           ;
; EDA Netlist Writer        ; 00:00:02     ; 1.0                     ; 4588 MB             ; 00:00:02                           ;
; EDA Netlist Writer        ; 00:00:02     ; 1.0                     ; 4588 MB             ; 00:00:02                           ;
; EDA Netlist Writer        ; 00:00:02     ; 1.0                     ; 4588 MB             ; 00:00:02                           ;
; EDA Netlist Writer        ; 00:00:03     ; 1.0                     ; 4589 MB             ; 00:00:01                           ;
; EDA Netlist Writer        ; 00:00:02     ; 1.0                     ; 4588 MB             ; 00:00:01                           ;
; EDA Netlist Writer        ; 00:00:01     ; 1.0                     ; 4588 MB             ; 00:00:01                           ;
; EDA Netlist Writer        ; 00:00:03     ; 1.0                     ; 4588 MB             ; 00:00:01                           ;
; MIF/HEX Update            ; 00:00:01     ; 1.0                     ; 4654 MB             ; 00:00:01                           ;
; Total                     ; 00:02:19     ; --                      ; --                  ; 00:02:03                           ;
+---------------------------+--------------+-------------------------+---------------------+------------------------------------+


+----------------------------------------------------------------------------------------+
; Flow OS Summary                                                                        ;
+---------------------------+------------------+-----------+------------+----------------+
; Module Name               ; Machine Hostname ; OS Name   ; OS Version ; Processor type ;
+---------------------------+------------------+-----------+------------+----------------+
; Analysis & Synthesis      ; MargoBook        ; Windows 7 ; 6.2        ; x86_64         ;
; Fitter                    ; MargoBook        ; Windows 7 ; 6.2        ; x86_64         ;
; Assembler                 ; MargoBook        ; Windows 7 ; 6.2        ; x86_64         ;
; TimeQuest Timing Analyzer ; MargoBook        ; Windows 7 ; 6.2        ; x86_64         ;
; EDA Netlist Writer        ; MargoBook        ; Windows 7 ; 6.2        ; x86_64         ;
; EDA Netlist Writer        ; MargoBook        ; Windows 7 ; 6.2        ; x86_64         ;
; EDA Netlist Writer        ; MargoBook        ; Windows 7 ; 6.2        ; x86_64         ;
; EDA Netlist Writer        ; MargoBook        ; Windows 7 ; 6.2        ; x86_64         ;
; EDA Netlist Writer        ; MargoBook        ; Windows 7 ; 6.2        ; x86_64         ;
; EDA Netlist Writer        ; MargoBook        ; Windows 7 ; 6.2        ; x86_64         ;
; EDA Netlist Writer        ; MargoBook        ; Windows 7 ; 6.2        ; x86_64         ;
; EDA Netlist Writer        ; MargoBook        ; Windows 7 ; 6.2        ; x86_64         ;
; EDA Netlist Writer        ; MargoBook        ; Windows 7 ; 6.2        ; x86_64         ;
; EDA Netlist Writer        ; MargoBook        ; Windows 7 ; 6.2        ; x86_64         ;
; EDA Netlist Writer        ; MargoBook        ; Windows 7 ; 6.2        ; x86_64         ;
; EDA Netlist Writer        ; MargoBook        ; Windows 7 ; 6.2        ; x86_64         ;
; EDA Netlist Writer        ; MargoBook        ; Windows 7 ; 6.2        ; x86_64         ;
; EDA Netlist Writer        ; MargoBook        ; Windows 7 ; 6.2        ; x86_64         ;
; EDA Netlist Writer        ; MargoBook        ; Windows 7 ; 6.2        ; x86_64         ;
; EDA Netlist Writer        ; MargoBook        ; Windows 7 ; 6.2        ; x86_64         ;
; EDA Netlist Writer        ; MargoBook        ; Windows 7 ; 6.2        ; x86_64         ;
; EDA Netlist Writer        ; MargoBook        ; Windows 7 ; 6.2        ; x86_64         ;
; EDA Netlist Writer        ; MargoBook        ; Windows 7 ; 6.2        ; x86_64         ;
; EDA Netlist Writer        ; MargoBook        ; Windows 7 ; 6.2        ; x86_64         ;
; EDA Netlist Writer        ; MargoBook        ; Windows 7 ; 6.2        ; x86_64         ;
; EDA Netlist Writer        ; MargoBook        ; Windows 7 ; 6.2        ; x86_64         ;
; EDA Netlist Writer        ; MargoBook        ; Windows 7 ; 6.2        ; x86_64         ;
; EDA Netlist Writer        ; MargoBook        ; Windows 7 ; 6.2        ; x86_64         ;
; EDA Netlist Writer        ; MargoBook        ; Windows 7 ; 6.2        ; x86_64         ;
; EDA Netlist Writer        ; MargoBook        ; Windows 7 ; 6.2        ; x86_64         ;
; EDA Netlist Writer        ; MargoBook        ; Windows 7 ; 6.2        ; x86_64         ;
; EDA Netlist Writer        ; MargoBook        ; Windows 7 ; 6.2        ; x86_64         ;
; EDA Netlist Writer        ; MargoBook        ; Windows 7 ; 6.2        ; x86_64         ;
; EDA Netlist Writer        ; MargoBook        ; Windows 7 ; 6.2        ; x86_64         ;
; EDA Netlist Writer        ; MargoBook        ; Windows 7 ; 6.2        ; x86_64         ;
; EDA Netlist Writer        ; MargoBook        ; Windows 7 ; 6.2        ; x86_64         ;
; EDA Netlist Writer        ; MargoBook        ; Windows 7 ; 6.2        ; x86_64         ;
; EDA Netlist Writer        ; MargoBook        ; Windows 7 ; 6.2        ; x86_64         ;
; EDA Netlist Writer        ; MargoBook        ; Windows 7 ; 6.2        ; x86_64         ;
; EDA Netlist Writer        ; MargoBook        ; Windows 7 ; 6.2        ; x86_64         ;
; EDA Netlist Writer        ; MargoBook        ; Windows 7 ; 6.2        ; x86_64         ;
; EDA Netlist Writer        ; MargoBook        ; Windows 7 ; 6.2        ; x86_64         ;
; EDA Netlist Writer        ; MargoBook        ; Windows 7 ; 6.2        ; x86_64         ;
; EDA Netlist Writer        ; MargoBook        ; Windows 7 ; 6.2        ; x86_64         ;
; EDA Netlist Writer        ; MargoBook        ; Windows 7 ; 6.2        ; x86_64         ;
; EDA Netlist Writer        ; MargoBook        ; Windows 7 ; 6.2        ; x86_64         ;
; EDA Netlist Writer        ; MargoBook        ; Windows 7 ; 6.2        ; x86_64         ;
; EDA Netlist Writer        ; MargoBook        ; Windows 7 ; 6.2        ; x86_64         ;
; EDA Netlist Writer        ; MargoBook        ; Windows 7 ; 6.2        ; x86_64         ;
; EDA Netlist Writer        ; MargoBook        ; Windows 7 ; 6.2        ; x86_64         ;
; EDA Netlist Writer        ; MargoBook        ; Windows 7 ; 6.2        ; x86_64         ;
; MIF/HEX Update            ; MargoBook        ; Windows 7 ; 6.2        ; x86_64         ;
+---------------------------+------------------+-----------+------------+----------------+


------------
; Flow Log ;
------------
quartus_map --read_settings_files=on --write_settings_files=off First -c First
quartus_fit --read_settings_files=off --write_settings_files=off First -c First
quartus_asm --read_settings_files=off --write_settings_files=off First -c First
quartus_sta First -c First
quartus_eda --read_settings_files=off --write_settings_files=off First -c First
quartus_eda --gen_testbench --check_outputs=on --tool=modelsim_oem --format=verilog First -c First --vector_source=D:/AlteraProjects/from_lipova/Projects_BO/First/test_for_bo.vwf --testbench_file=D:/AlteraProjects/from_lipova/Projects_BO/First/simulation/qsim/test_for_bo.vwf.vt
quartus_eda --functional=on --flatten_buses=off --simulation=on --tool=modelsim_oem --format=verilog --output_directory=D:/AlteraProjects/from_lipova/Projects_BO/First/simulation/qsim/ First -c First
quartus_eda --gen_testbench --check_outputs=on --tool=modelsim_oem --format=verilog First -c First --vector_source=D:/AlteraProjects/from_lipova/Projects_BO/First/test_for_bo.vwf --testbench_file=D:/AlteraProjects/from_lipova/Projects_BO/First/simulation/qsim/test_for_bo.vwf.vt
quartus_eda --functional=on --flatten_buses=off --simulation=on --tool=modelsim_oem --format=verilog --output_directory=D:/AlteraProjects/from_lipova/Projects_BO/First/simulation/qsim/ First -c First
quartus_eda --gen_testbench --check_outputs=on --tool=modelsim_oem --format=verilog First -c First --vector_source=D:/AlteraProjects/from_lipova/Projects_BO/First/test_for_bo.vwf --testbench_file=D:/AlteraProjects/from_lipova/Projects_BO/First/simulation/qsim/test_for_bo.vwf.vt
quartus_eda --functional=on --flatten_buses=off --simulation=on --tool=modelsim_oem --format=verilog --output_directory=D:/AlteraProjects/from_lipova/Projects_BO/First/simulation/qsim/ First -c First
quartus_eda --gen_testbench --check_outputs=on --tool=modelsim_oem --format=verilog First -c First --vector_source=D:/AlteraProjects/from_lipova/Projects_BO/First/test_for_bo.vwf --testbench_file=D:/AlteraProjects/from_lipova/Projects_BO/First/simulation/qsim/test_for_bo.vwf.vt
quartus_eda --functional=on --flatten_buses=off --simulation=on --tool=modelsim_oem --format=verilog --output_directory=D:/AlteraProjects/from_lipova/Projects_BO/First/simulation/qsim/ First -c First
quartus_eda --gen_testbench --check_outputs=on --tool=modelsim_oem --format=verilog First -c First --vector_source=D:/AlteraProjects/from_lipova/Projects_BO/First/test_for_bo.vwf --testbench_file=D:/AlteraProjects/from_lipova/Projects_BO/First/simulation/qsim/test_for_bo.vwf.vt
quartus_eda --functional=on --flatten_buses=off --simulation=on --tool=modelsim_oem --format=verilog --output_directory=D:/AlteraProjects/from_lipova/Projects_BO/First/simulation/qsim/ First -c First
quartus_eda --gen_testbench --check_outputs=on --tool=modelsim_oem --format=verilog First -c First --vector_source=D:/AlteraProjects/from_lipova/Projects_BO/First/test_for_bo.vwf --testbench_file=D:/AlteraProjects/from_lipova/Projects_BO/First/simulation/qsim/test_for_bo.vwf.vt
quartus_eda --functional=on --flatten_buses=off --simulation=on --tool=modelsim_oem --format=verilog --output_directory=D:/AlteraProjects/from_lipova/Projects_BO/First/simulation/qsim/ First -c First
quartus_eda --gen_testbench --check_outputs=on --tool=modelsim_oem --format=verilog First -c First --vector_source=D:/AlteraProjects/from_lipova/Projects_BO/First/test_for_bo.vwf --testbench_file=D:/AlteraProjects/from_lipova/Projects_BO/First/simulation/qsim/test_for_bo.vwf.vt
quartus_eda --functional=on --flatten_buses=off --simulation=on --tool=modelsim_oem --format=verilog --output_directory=D:/AlteraProjects/from_lipova/Projects_BO/First/simulation/qsim/ First -c First
quartus_eda --gen_testbench --check_outputs=on --tool=modelsim_oem --format=verilog First -c First --vector_source=D:/AlteraProjects/from_lipova/Projects_BO/First/test_for_bo.vwf --testbench_file=D:/AlteraProjects/from_lipova/Projects_BO/First/simulation/qsim/test_for_bo.vwf.vt
quartus_eda --functional=on --flatten_buses=off --simulation=on --tool=modelsim_oem --format=verilog --output_directory=D:/AlteraProjects/from_lipova/Projects_BO/First/simulation/qsim/ First -c First
quartus_eda --gen_testbench --check_outputs=on --tool=modelsim_oem --format=verilog First -c First --vector_source=D:/AlteraProjects/from_lipova/Projects_BO/First/test_for_bo.vwf --testbench_file=D:/AlteraProjects/from_lipova/Projects_BO/First/simulation/qsim/test_for_bo.vwf.vt
quartus_eda --functional=on --flatten_buses=off --simulation=on --tool=modelsim_oem --format=verilog --output_directory=D:/AlteraProjects/from_lipova/Projects_BO/First/simulation/qsim/ First -c First
quartus_eda --gen_testbench --check_outputs=on --tool=modelsim_oem --format=verilog First -c First --vector_source=D:/AlteraProjects/from_lipova/Projects_BO/First/test_for_bo.vwf --testbench_file=D:/AlteraProjects/from_lipova/Projects_BO/First/simulation/qsim/test_for_bo.vwf.vt
quartus_eda --functional=on --flatten_buses=off --simulation=on --tool=modelsim_oem --format=verilog --output_directory=D:/AlteraProjects/from_lipova/Projects_BO/First/simulation/qsim/ First -c First
quartus_eda --gen_testbench --check_outputs=on --tool=modelsim_oem --format=verilog First -c First --vector_source=D:/AlteraProjects/from_lipova/Projects_BO/First/test_for_bo.vwf --testbench_file=D:/AlteraProjects/from_lipova/Projects_BO/First/simulation/qsim/test_for_bo.vwf.vt
quartus_eda --functional=on --flatten_buses=off --simulation=on --tool=modelsim_oem --format=verilog --output_directory=D:/AlteraProjects/from_lipova/Projects_BO/First/simulation/qsim/ First -c First
quartus_eda --gen_testbench --check_outputs=on --tool=modelsim_oem --format=verilog First -c First --vector_source=D:/AlteraProjects/from_lipova/Projects_BO/First/test_for_bo.vwf --testbench_file=D:/AlteraProjects/from_lipova/Projects_BO/First/simulation/qsim/test_for_bo.vwf.vt
quartus_eda --functional=on --flatten_buses=off --simulation=on --tool=modelsim_oem --format=verilog --output_directory=D:/AlteraProjects/from_lipova/Projects_BO/First/simulation/qsim/ First -c First
quartus_eda --gen_testbench --check_outputs=on --tool=modelsim_oem --format=verilog First -c First --vector_source=D:/AlteraProjects/from_lipova/Projects_BO/First/test_for_bo.vwf --testbench_file=D:/AlteraProjects/from_lipova/Projects_BO/First/simulation/qsim/test_for_bo.vwf.vt
quartus_eda --functional=on --flatten_buses=off --simulation=on --tool=modelsim_oem --format=verilog --output_directory=D:/AlteraProjects/from_lipova/Projects_BO/First/simulation/qsim/ First -c First
quartus_eda --gen_testbench --check_outputs=on --tool=modelsim_oem --format=verilog First -c First --vector_source=D:/AlteraProjects/from_lipova/Projects_BO/First/test_for_bo.vwf --testbench_file=D:/AlteraProjects/from_lipova/Projects_BO/First/simulation/qsim/test_for_bo.vwf.vt
quartus_eda --functional=on --flatten_buses=off --simulation=on --tool=modelsim_oem --format=verilog --output_directory=D:/AlteraProjects/from_lipova/Projects_BO/First/simulation/qsim/ First -c First
quartus_eda --gen_testbench --check_outputs=on --tool=modelsim_oem --format=verilog First -c First --vector_source=D:/AlteraProjects/from_lipova/Projects_BO/First/test_for_bo.vwf --testbench_file=D:/AlteraProjects/from_lipova/Projects_BO/First/simulation/qsim/test_for_bo.vwf.vt
quartus_eda --functional=on --flatten_buses=off --simulation=on --tool=modelsim_oem --format=verilog --output_directory=D:/AlteraProjects/from_lipova/Projects_BO/First/simulation/qsim/ First -c First
quartus_eda --gen_testbench --check_outputs=on --tool=modelsim_oem --format=verilog First -c First --vector_source=D:/AlteraProjects/from_lipova/Projects_BO/First/test_for_bo.vwf --testbench_file=D:/AlteraProjects/from_lipova/Projects_BO/First/simulation/qsim/test_for_bo.vwf.vt
quartus_eda --functional=on --flatten_buses=off --simulation=on --tool=modelsim_oem --format=verilog --output_directory=D:/AlteraProjects/from_lipova/Projects_BO/First/simulation/qsim/ First -c First
quartus_eda --gen_testbench --check_outputs=on --tool=modelsim_oem --format=verilog First -c First --vector_source=D:/AlteraProjects/from_lipova/Projects_BO/First/test_for_bo.vwf --testbench_file=D:/AlteraProjects/from_lipova/Projects_BO/First/simulation/qsim/test_for_bo.vwf.vt
quartus_eda --functional=on --flatten_buses=off --simulation=on --tool=modelsim_oem --format=verilog --output_directory=D:/AlteraProjects/from_lipova/Projects_BO/First/simulation/qsim/ First -c First
quartus_eda --gen_testbench --check_outputs=on --tool=modelsim_oem --format=verilog First -c First --vector_source=D:/AlteraProjects/from_lipova/Projects_BO/First/test_for_bo.vwf --testbench_file=D:/AlteraProjects/from_lipova/Projects_BO/First/simulation/qsim/test_for_bo.vwf.vt
quartus_eda --functional=on --flatten_buses=off --simulation=on --tool=modelsim_oem --format=verilog --output_directory=D:/AlteraProjects/from_lipova/Projects_BO/First/simulation/qsim/ First -c First
quartus_eda --gen_testbench --check_outputs=on --tool=modelsim_oem --format=verilog First -c First --vector_source=D:/AlteraProjects/from_lipova/Projects_BO/First/test_for_bo.vwf --testbench_file=D:/AlteraProjects/from_lipova/Projects_BO/First/simulation/qsim/test_for_bo.vwf.vt
quartus_eda --functional=on --flatten_buses=off --simulation=on --tool=modelsim_oem --format=verilog --output_directory=D:/AlteraProjects/from_lipova/Projects_BO/First/simulation/qsim/ First -c First
quartus_eda --gen_testbench --check_outputs=on --tool=modelsim_oem --format=verilog First -c First --vector_source=D:/AlteraProjects/from_lipova/Projects_BO/First/test_for_bo.vwf --testbench_file=D:/AlteraProjects/from_lipova/Projects_BO/First/simulation/qsim/test_for_bo.vwf.vt
quartus_eda --functional=on --flatten_buses=off --simulation=on --tool=modelsim_oem --format=verilog --output_directory=D:/AlteraProjects/from_lipova/Projects_BO/First/simulation/qsim/ First -c First
quartus_eda --gen_testbench --check_outputs=on --tool=modelsim_oem --format=verilog First -c First --vector_source=D:/AlteraProjects/from_lipova/Projects_BO/First/test_for_bo.vwf --testbench_file=D:/AlteraProjects/from_lipova/Projects_BO/First/simulation/qsim/test_for_bo.vwf.vt
quartus_eda --functional=on --flatten_buses=off --simulation=on --tool=modelsim_oem --format=verilog --output_directory=D:/AlteraProjects/from_lipova/Projects_BO/First/simulation/qsim/ First -c First
quartus_eda --gen_testbench --check_outputs=on --tool=modelsim_oem --format=verilog First -c First --vector_source=D:/AlteraProjects/from_lipova/Projects_BO/First/test_for_bo.vwf --testbench_file=D:/AlteraProjects/from_lipova/Projects_BO/First/simulation/modelsim/test_for_bo.vwf.vt
quartus_eda --read_settings_files=on --write_settings_files=off First -c First --gen_testbench
quartus_eda --read_settings_files=on --write_settings_files=off First -c First --gen_testbench
quartus_eda --read_settings_files=on --write_settings_files=off First -c First
quartus_cdb First -c First --update_mif



